2026-08-31T12:00:37Z INF Thank you for trying Cloudflare Tunnel. Doing so, without a Cloudflare account, is a quick way to experiment and try it out. However, be aware that these account-less Tunnels have no uptime guarantee, are subject to the Cloudflare Online Services Terms of Use (https://www.cloudflare.com/website-terms/), and Cloudflare reserves the right to investigate your use of Tunnels for violations of such terms. If you intend to use Tunnels in production you should use a pre-created named tunnel by following: https://developers.cloudflare.com/cloudflare-one/connections/connect-apps
2026-08-31T12:00:37Z INF Requesting new quick Tunnel on trycloudflare.com...
2026-08-31T12:00:46Z INF +--------------------------------------------------------------------------------------------+
2026-08-31T12:00:46Z INF |  Your quick Tunnel has been created! Visit it at (it may take some time to be reachable):  |
2026-08-31T12:00:46Z INF |  https://satin-dans-scripts-frost.trycloudflare.com                                        |
2026-08-31T12:00:46Z INF +--------------------------------------------------------------------------------------------+
2026-08-31T12:00:46Z INF Cannot determine default configuration path. No file [config.yml config.yaml] in [~/.cloudflared ~/.cloudflare-warp ~/cloudflare-warp /etc/cloudflared /usr/local/etc/cloudflared]
2026-08-31T12:00:46Z INF Version 2026.8.2 (Checksum adcbc5cb319af844a4ce932f4ed656ee8656b1c478faf5001aff4b6166a950ef)
2026-08-31T12:00:46Z INF GOOS: android, GOVersion: go1.26.5, GoArch: arm64
2026-08-31T12:00:46Z INF Settings: map[ha-connections:1 no-autoupdate:true protocol:quic url:http://localhost:5000]
2026-08-31T12:00:46Z INF Generated Connector ID: e2c78e12-1a5e-461e-861c-ecba9b14b72b
2026-08-31T12:00:51Z INF Initial protocol quic
2026-08-31T12:00:51Z INF ICMP proxy will use 10.17.251.52 as source for IPv4
2026-08-31T12:00:51Z INF ICMP proxy will use 2409:40e4:6d:9abe:cc38:558c:cbfc:160f in zone wlan0 as source for IPv6
2026-08-31T12:00:51Z WRN The user running cloudflared process has a GID (group ID) that is not within ping_group_range. You might need to add that user to a group within that range, or instead update the range to encompass a group the user is already in by modifying /proc/sys/net/ipv4/ping_group_range. Otherwise cloudflared will not be able to ping this network error="open /proc/sys/net/ipv4/ping_group_range: permission denied"
2026-08-31T12:00:52Z INF ICMP proxy will use 10.17.251.52 as source for IPv4
2026-08-31T12:00:52Z INF ICMP proxy will use 2409:40e4:6d:9abe:cc38:558c:cbfc:160f in zone wlan0 as source for IPv6
2026-08-31T12:00:52Z INF Starting metrics server on 127.0.0.1:20241/metrics
2026-08-31T12:00:52Z INF Tunnel connection curve preferences: [X25519MLKEM768 CurveID(65074) CurveP256] connIndex=0 event=0 ip=2606:4700:a0::9
2026-08-31T12:00:52Z INF +-------------------------------------------------------------------------------------+
2026-08-31T12:00:52Z INF |                               CONNECTIVITY PRE-CHECKS                               |
2026-08-31T12:00:52Z INF +-------------------------------------------------------------------------------------+
2026-08-31T12:00:52Z INF |  COMPONENT         TARGET                     STATUS  DETAILS                       |
2026-08-31T12:00:52Z INF |  DNS Resolution    region1.v2.argotunnel.com  PASS    DNS Resolved successfully     |
2026-08-31T12:00:52Z INF |  DNS Resolution    region2.v2.argotunnel.com  PASS    DNS Resolved successfully     |
2026-08-31T12:00:52Z INF |  UDP Connectivity  region1.v2.argotunnel.com  PASS    QUIC connection successful    |
2026-08-31T12:00:52Z INF |  UDP Connectivity  region2.v2.argotunnel.com  PASS    QUIC connection successful    |
2026-08-31T12:00:52Z INF |  TCP Connectivity  region1.v2.argotunnel.com  PASS    HTTP/2 connection successful  |
2026-08-31T12:00:52Z INF |  TCP Connectivity  region2.v2.argotunnel.com  PASS    HTTP/2 connection successful  |
2026-08-31T12:00:52Z INF |  Cloudflare API    api.cloudflare.com:443     PASS    API is reachable              |
2026-08-31T12:00:52Z INF |                                                                                     |
2026-08-31T12:00:52Z INF |  SUMMARY: Environment is healthy. cloudflared will use 'quic' as primary protocol.  |
2026-08-31T12:00:52Z INF +-------------------------------------------------------------------------------------+
2026-08-31T12:00:52Z INF precheck component="DNS Resolution" details="DNS Resolved successfully" run_id=4a7e7a79-c127-4df0-9bc8-3ab819857245 status=pass target=region1.v2.argotunnel.com
2026-08-31T12:00:52Z INF precheck component="DNS Resolution" details="DNS Resolved successfully" run_id=4a7e7a79-c127-4df0-9bc8-3ab819857245 status=pass target=region2.v2.argotunnel.com
2026-08-31T12:00:52Z INF precheck component="UDP Connectivity" details="QUIC connection successful" run_id=4a7e7a79-c127-4df0-9bc8-3ab819857245 status=pass target=region1.v2.argotunnel.com
2026-08-31T12:00:52Z INF precheck component="UDP Connectivity" details="QUIC connection successful" run_id=4a7e7a79-c127-4df0-9bc8-3ab819857245 status=pass target=region2.v2.argotunnel.com
2026-08-31T12:00:52Z INF precheck component="TCP Connectivity" details="HTTP/2 connection successful" run_id=4a7e7a79-c127-4df0-9bc8-3ab819857245 status=pass target=region1.v2.argotunnel.com
2026-08-31T12:00:52Z INF precheck component="TCP Connectivity" details="HTTP/2 connection successful" run_id=4a7e7a79-c127-4df0-9bc8-3ab819857245 status=pass target=region2.v2.argotunnel.com
2026-08-31T12:00:52Z INF precheck component="Cloudflare API" details="API is reachable" run_id=4a7e7a79-c127-4df0-9bc8-3ab819857245 status=pass target=api.cloudflare.com:443
2026-08-31T12:00:52Z INF precheck complete hard_fail=false run_id=4a7e7a79-c127-4df0-9bc8-3ab819857245 suggested_protocol=quic
2026-08-31T12:00:53Z INF Registered tunnel connection connIndex=0 connection=30a905fe-f275-471c-a60c-6d4cc06d8f58 event=0 ip=2606:4700:a0::9 location=del02 protocol=quic
2026-08-31T12:23:58Z ERR failed to run the datagram handler error="timeout: no recent network activity" connIndex=0 event=0 ip=2606:4700:a0::9
2026-08-31T12:23:58Z ERR failed to accept incoming stream requests error="failed to accept QUIC stream: timeout: no recent network activity" connIndex=0 event=0 ip=2606:4700:a0::9
2026-08-31T12:23:58Z ERR failed to serve tunnel connection error="datagram manager encountered a failure while serving" connIndex=0 event=0 ip=2606:4700:a0::9
2026-08-31T12:23:58Z ERR Serve tunnel error error="datagram manager encountered a failure while serving" connIndex=0 event=0 ip=2606:4700:a0::9
2026-08-31T12:23:58Z INF Retrying connection in up to 1s connIndex=0 event=0 ip=2606:4700:a0::9
2026-08-31T12:23:59Z INF Tunnel connection curve preferences: [X25519MLKEM768 CurveID(65074) CurveP256] connIndex=0 event=0 ip=2606:4700:a0::9
2026-08-31T12:24:01Z INF Registered tunnel connection connIndex=0 connection=82de125a-f7b3-4109-b144-6bcdb02bd3ec event=0 ip=2606:4700:a0::9 location=del02 protocol=quic
2026-08-31T12:24:25Z ERR failed to accept incoming stream requests error="failed to accept QUIC stream: timeout: no recent network activity" connIndex=0 event=0 ip=2606:4700:a0::9
2026-08-31T12:24:25Z ERR failed to run the datagram handler error="timeout: no recent network activity" connIndex=0 event=0 ip=2606:4700:a0::9
2026-08-31T12:24:25Z ERR failed to serve tunnel connection error="accept stream listener encountered a failure while serving" connIndex=0 event=0 ip=2606:4700:a0::9
2026-08-31T12:24:25Z ERR Serve tunnel error error="accept stream listener encountered a failure while serving" connIndex=0 event=0 ip=2606:4700:a0::9
2026-08-31T12:24:25Z INF Retrying connection in up to 1s connIndex=0 event=0 ip=2606:4700:a0::9
2026-08-31T12:24:26Z INF Tunnel connection curve preferences: [X25519MLKEM768 CurveID(65074) CurveP256] connIndex=0 event=0 ip=2606:4700:a0::9
2026-08-31T12:24:27Z INF Registered tunnel connection connIndex=0 connection=f0e80621-eaaf-4f76-b57b-12c335822b26 event=0 ip=2606:4700:a0::9 location=del02 protocol=quic
2026-08-31T12:24:47Z ERR failed to run the datagram handler error="timeout: no recent network activity" connIndex=0 event=0 ip=2606:4700:a0::9
2026-08-31T12:24:47Z ERR failed to accept incoming stream requests error="failed to accept QUIC stream: timeout: no recent network activity" connIndex=0 event=0 ip=2606:4700:a0::9
2026-08-31T12:24:47Z ERR failed to serve tunnel connection error="datagram manager encountered a failure while serving" connIndex=0 event=0 ip=2606:4700:a0::9
2026-08-31T12:24:47Z ERR Serve tunnel error error="datagram manager encountered a failure while serving" connIndex=0 event=0 ip=2606:4700:a0::9
2026-08-31T12:24:47Z INF Retrying connection in up to 1s connIndex=0 event=0 ip=2606:4700:a0::9
2026-08-31T12:24:49Z INF Tunnel connection curve preferences: [X25519MLKEM768 CurveID(65074) CurveP256] connIndex=0 event=0 ip=2606:4700:a0::9
2026-08-31T12:24:54Z ERR Failed to dial a quic connection error="failed to dial to edge with quic: timeout: no recent network activity" connIndex=0 event=0 ip=2606:4700:a0::9
2026-08-31T12:24:54Z INF Retrying connection in up to 4s connIndex=0 event=0 ip=2606:4700:a0::9
2026-08-31T12:24:55Z INF Tunnel connection curve preferences: [X25519MLKEM768 CurveID(65074) CurveP256] connIndex=0 event=0 ip=2606:4700:a8::9
2026-08-31T12:24:56Z INF Registered tunnel connection connIndex=0 connection=696bc561-a7b4-4bc6-a678-7afbae8f276c event=0 ip=2606:4700:a8::9 location=del05 protocol=quic
2026-08-31T12:35:09Z ERR failed to run the datagram handler error="timeout: no recent network activity" connIndex=0 event=0 ip=2606:4700:a8::9
2026-08-31T12:35:09Z ERR failed to accept incoming stream requests error="failed to accept QUIC stream: timeout: no recent network activity" connIndex=0 event=0 ip=2606:4700:a8::9
2026-08-31T12:35:09Z ERR failed to serve tunnel connection error="datagram manager encountered a failure while serving" connIndex=0 event=0 ip=2606:4700:a8::9
2026-08-31T12:35:09Z ERR Serve tunnel error error="datagram manager encountered a failure while serving" connIndex=0 event=0 ip=2606:4700:a8::9
2026-08-31T12:35:09Z INF Retrying connection in up to 1s connIndex=0 event=0 ip=2606:4700:a8::9
2026-08-31T12:35:10Z INF Tunnel connection curve preferences: [X25519MLKEM768 CurveID(65074) CurveP256] connIndex=0 event=0 ip=2606:4700:a8::9
2026-08-31T12:35:10Z INF Registered tunnel connection connIndex=0 connection=f40bf8c9-c8e9-42d0-b3a5-cbf7bcee64b9 event=0 ip=2606:4700:a8::9 location=del05 protocol=quic
2026-08-31T12:37:48Z ERR failed to accept incoming stream requests error="failed to accept QUIC stream: timeout: no recent network activity" connIndex=0 event=0 ip=2606:4700:a8::9
2026-08-31T12:37:48Z ERR failed to run the datagram handler error="timeout: no recent network activity" connIndex=0 event=0 ip=2606:4700:a8::9
2026-08-31T12:37:48Z ERR failed to serve tunnel connection error="accept stream listener encountered a failure while serving" connIndex=0 event=0 ip=2606:4700:a8::9
2026-08-31T12:37:48Z ERR Serve tunnel error error="accept stream listener encountered a failure while serving" connIndex=0 event=0 ip=2606:4700:a8::9
2026-08-31T12:37:48Z INF Retrying connection in up to 1s connIndex=0 event=0 ip=2606:4700:a8::9
2026-08-31T12:37:48Z INF Tunnel connection curve preferences: [X25519MLKEM768 CurveID(65074) CurveP256] connIndex=0 event=0 ip=2606:4700:a8::9
2026-08-31T12:37:49Z INF Registered tunnel connection connIndex=0 connection=d4eb8a8a-6a96-472b-96c3-2d2e984c64a1 event=0 ip=2606:4700:a8::9 location=del05 protocol=quic
2026-08-31T12:39:47Z ERR failed to accept incoming stream requests error="failed to accept QUIC stream: timeout: no recent network activity" connIndex=0 event=0 ip=2606:4700:a8::9
2026-08-31T12:39:47Z ERR failed to run the datagram handler error="context canceled" connIndex=0 event=0 ip=2606:4700:a8::9
2026-08-31T12:39:47Z ERR failed to serve tunnel connection error="accept stream listener encountered a failure while serving" connIndex=0 event=0 ip=2606:4700:a8::9
2026-08-31T12:39:47Z ERR Serve tunnel error error="accept stream listener encountered a failure while serving" connIndex=0 event=0 ip=2606:4700:a8::9
2026-08-31T12:39:47Z INF Retrying connection in up to 1s connIndex=0 event=0 ip=2606:4700:a8::9
2026-08-31T12:39:48Z INF Tunnel connection curve preferences: [X25519MLKEM768 CurveID(65074) CurveP256] connIndex=0 event=0 ip=2606:4700:a8::9
2026-08-31T12:39:48Z INF Registered tunnel connection connIndex=0 connection=bf96c4ee-7e10-40e6-8b0c-1907275d30c2 event=0 ip=2606:4700:a8::9 location=del05 protocol=quic
2026-08-31T13:03:15Z ERR failed to accept incoming stream requests error="failed to accept QUIC stream: timeout: no recent network activity" connIndex=0 event=0 ip=2606:4700:a8::9
2026-08-31T13:03:15Z ERR failed to run the datagram handler error="timeout: no recent network activity" connIndex=0 event=0 ip=2606:4700:a8::9
2026-08-31T13:03:15Z ERR failed to serve tunnel connection error="accept stream listener encountered a failure while serving" connIndex=0 event=0 ip=2606:4700:a8::9
2026-08-31T13:03:15Z ERR Serve tunnel error error="accept stream listener encountered a failure while serving" connIndex=0 event=0 ip=2606:4700:a8::9
2026-08-31T13:03:15Z INF Retrying connection in up to 1s connIndex=0 event=0 ip=2606:4700:a8::9
2026-08-31T13:03:15Z INF Tunnel connection curve preferences: [X25519MLKEM768 CurveID(65074) CurveP256] connIndex=0 event=0 ip=2606:4700:a8::9
2026-08-31T13:03:16Z INF Registered tunnel connection connIndex=0 connection=07da8263-1166-4113-933a-f02473729962 event=0 ip=2606:4700:a8::9 location=del05 protocol=quic
2026-08-31T13:44:10Z ERR failed to run the datagram handler error="write udp [::]:46501->[2606:4700:a8::9]:7844: sendmsg: network is unreachable" connIndex=0 event=0 ip=2606:4700:a8::9
2026-08-31T13:44:10Z ERR failed to accept incoming stream requests error="failed to accept QUIC stream: write udp [::]:46501->[2606:4700:a8::9]:7844: sendmsg: network is unreachable" connIndex=0 event=0 ip=2606:4700:a8::9
2026-08-31T13:44:10Z ERR failed to serve tunnel connection error="datagram manager encountered a failure while serving" connIndex=0 event=0 ip=2606:4700:a8::9
2026-08-31T13:44:10Z ERR Serve tunnel error error="datagram manager encountered a failure while serving" connIndex=0 event=0 ip=2606:4700:a8::9
2026-08-31T13:44:10Z INF Retrying connection in up to 1s connIndex=0 event=0 ip=2606:4700:a8::9
2026-08-31T13:44:10Z INF Tunnel connection curve preferences: [X25519MLKEM768 CurveID(65074) CurveP256] connIndex=0 event=0 ip=2606:4700:a8::9
2026-08-31T13:44:10Z ERR Failed to dial a quic connection error="failed to dial to edge with quic: write udp [::]:46501->[2606:4700:a8::9]:7844: sendmsg: network is unreachable" connIndex=0 event=0 ip=2606:4700:a8::9
2026-08-31T13:44:10Z INF Retrying connection in up to 4s connIndex=0 event=0 ip=2606:4700:a8::9
2026-08-31T13:44:10Z INF Tunnel connection curve preferences: [X25519MLKEM768 CurveID(65074) CurveP256] connIndex=0 event=0 ip=198.41.200.113
2026-08-31T13:44:10Z ERR Failed to dial a quic connection error="failed to dial to edge with quic: write udp [::]:46501->198.41.200.113:7844: sendmsg: network is unreachable" connIndex=0 event=0 ip=198.41.200.113
2026-08-31T13:44:10Z INF Retrying connection in up to 8s connIndex=0 event=0 ip=198.41.200.113
2026-08-31T13:44:17Z INF Tunnel connection curve preferences: [X25519MLKEM768 CurveID(65074) CurveP256] connIndex=0 event=0 ip=2606:4700:a8::2
2026-08-31T13:44:17Z ERR Failed to dial a quic connection error="failed to dial to edge with quic: write udp [::]:46501->[2606:4700:a8::2]:7844: sendmsg: network is unreachable" connIndex=0 event=0 ip=2606:4700:a8::2
2026-08-31T13:44:17Z INF Retrying connection in up to 16s connIndex=0 event=0 ip=2606:4700:a8::2
2026-08-31T13:44:25Z INF Tunnel connection curve preferences: [X25519MLKEM768 CurveID(65074) CurveP256] connIndex=0 event=0 ip=198.41.200.53
2026-08-31T13:44:25Z ERR Failed to dial a quic connection error="failed to dial to edge with quic: write udp [::]:46501->198.41.200.53:7844: sendmsg: network is unreachable" connIndex=0 event=0 ip=198.41.200.53
2026-08-31T13:44:25Z INF Retrying connection in up to 32s connIndex=0 event=0 ip=198.41.200.53
2026-08-31T13:44:46Z INF Tunnel connection curve preferences: [X25519MLKEM768 CurveID(65074) CurveP256] connIndex=0 event=0 ip=198.41.192.67
2026-08-31T13:44:46Z ERR Failed to dial a quic connection error="failed to dial to edge with quic: write udp [::]:46501->198.41.192.67:7844: sendmsg: network is unreachable" connIndex=0 event=0 ip=198.41.192.67
2026-08-31T13:44:46Z INF Retrying connection in up to 1m4s connIndex=0 event=0 ip=198.41.192.67
2026-08-31T13:45:15Z INF Tunnel connection curve preferences: [X25519MLKEM768 CurveID(65074) CurveP256] connIndex=0 event=0 ip=2606:4700:a0::10
2026-08-31T13:45:17Z INF Registered tunnel connection connIndex=0 connection=3f86c7f9-5dd1-4c24-8cf0-a1d57f429d5e event=0 ip=2606:4700:a0::10 location=ccu02 protocol=quic
2026-08-31T13:49:08Z ERR failed to accept incoming stream requests error="failed to accept QUIC stream: write udp [::]:46501->[2606:4700:a0::10]:7844: sendmsg: network is unreachable" connIndex=0 event=0 ip=2606:4700:a0::10
2026-08-31T13:49:08Z ERR failed to run the datagram handler error="write udp [::]:46501->[2606:4700:a0::10]:7844: sendmsg: network is unreachable" connIndex=0 event=0 ip=2606:4700:a0::10
2026-08-31T13:49:08Z ERR failed to serve tunnel connection error="accept stream listener encountered a failure while serving" connIndex=0 event=0 ip=2606:4700:a0::10
2026-08-31T13:49:08Z ERR Serve tunnel error error="accept stream listener encountered a failure while serving" connIndex=0 event=0 ip=2606:4700:a0::10
2026-08-31T13:49:08Z INF Retrying connection in up to 1s connIndex=0 event=0 ip=2606:4700:a0::10
2026-08-31T13:49:08Z INF Tunnel connection curve preferences: [X25519MLKEM768 CurveID(65074) CurveP256] connIndex=0 event=0 ip=2606:4700:a0::10
2026-08-31T13:49:08Z ERR Failed to dial a quic connection error="failed to dial to edge with quic: write udp [::]:46501->[2606:4700:a0::10]:7844: sendmsg: network is unreachable" connIndex=0 event=0 ip=2606:4700:a0::10
2026-08-31T13:49:08Z INF Retrying connection in up to 4s connIndex=0 event=0 ip=2606:4700:a0::10
2026-08-31T13:49:09Z INF Tunnel connection curve preferences: [X25519MLKEM768 CurveID(65074) CurveP256] connIndex=0 event=0 ip=198.41.192.167
2026-08-31T13:49:09Z ERR Failed to dial a quic connection error="failed to dial to edge with quic: write udp [::]:46501->198.41.192.167:7844: sendmsg: network is unreachable" connIndex=0 event=0 ip=198.41.192.167
2026-08-31T13:49:09Z INF Retrying connection in up to 8s connIndex=0 event=0 ip=198.41.192.167
2026-08-31T13:49:10Z INF Tunnel connection curve preferences: [X25519MLKEM768 CurveID(65074) CurveP256] connIndex=0 event=0 ip=2606:4700:a0::10
2026-08-31T13:49:10Z ERR Failed to dial a quic connection error="failed to dial to edge with quic: write udp [::]:46501->[2606:4700:a0::10]:7844: sendmsg: network is unreachable" connIndex=0 event=0 ip=2606:4700:a0::10
2026-08-31T13:49:10Z INF Retrying connection in up to 16s connIndex=0 event=0 ip=2606:4700:a0::10
2026-08-31T13:49:11Z INF Tunnel connection curve preferences: [X25519MLKEM768 CurveID(65074) CurveP256] connIndex=0 event=0 ip=2606:4700:a8::9
2026-08-31T13:49:11Z ERR Failed to dial a quic connection error="failed to dial to edge with quic: write udp [::]:46501->[2606:4700:a8::9]:7844: sendmsg: network is unreachable" connIndex=0 event=0 ip=2606:4700:a8::9
2026-08-31T13:49:11Z INF Retrying connection in up to 32s connIndex=0 event=0 ip=2606:4700:a8::9
2026-08-31T13:49:16Z INF Tunnel connection curve preferences: [X25519MLKEM768 CurveID(65074) CurveP256] connIndex=0 event=0 ip=198.41.200.63
2026-08-31T13:49:16Z ERR Failed to dial a quic connection error="failed to dial to edge with quic: write udp [::]:46501->198.41.200.63:7844: sendmsg: network is unreachable" connIndex=0 event=0 ip=198.41.200.63
2026-08-31T13:49:16Z INF Retrying connection in up to 1m4s connIndex=0 event=0 ip=198.41.200.63
2026-08-31T13:49:27Z INF Tunnel connection curve preferences: [X25519MLKEM768 CurveID(65074) CurveP256] connIndex=0 event=0 ip=198.41.192.167
2026-08-31T13:49:27Z ERR Failed to dial a quic connection error="failed to dial to edge with quic: write udp [::]:46501->198.41.192.167:7844: sendmsg: network is unreachable" connIndex=0 event=0 ip=198.41.192.167
2026-08-31T13:49:27Z INF Retrying connection in up to 1m4s connIndex=0 event=0 ip=198.41.192.167
2026-08-31T13:49:36Z INF Tunnel connection curve preferences: [X25519MLKEM768 CurveID(65074) CurveP256] connIndex=0 event=0 ip=2606:4700:a0::7
2026-08-31T13:49:36Z ERR Failed to dial a quic connection error="failed to dial to edge with quic: write udp [::]:46501->[2606:4700:a0::7]:7844: sendmsg: network is unreachable" connIndex=0 event=0 ip=2606:4700:a0::7
2026-08-31T13:49:36Z INF Retrying connection in up to 1m4s connIndex=0 event=0 ip=2606:4700:a0::7
2026-08-31T13:49:37Z INF Tunnel connection curve preferences: [X25519MLKEM768 CurveID(65074) CurveP256] connIndex=0 event=0 ip=2606:4700:a8::9
2026-08-31T13:49:42Z ERR Failed to dial a quic connection error="failed to dial to edge with quic: timeout: no recent network activity" connIndex=0 event=0 ip=2606:4700:a8::9
2026-08-31T13:49:42Z INF Retrying connection in up to 1m4s connIndex=0 event=0 ip=2606:4700:a8::9
2026-08-31T13:50:11Z INF Tunnel connection curve preferences: [X25519MLKEM768 CurveID(65074) CurveP256] connIndex=0 event=0 ip=198.41.192.7
2026-08-31T13:50:11Z INF Registered tunnel connection connIndex=0 connection=046ebc6c-2580-48f6-b2a4-2f580f9c0bf2 event=0 ip=198.41.192.7 location=ccu02 protocol=quic
2026-08-31T13:52:35Z ERR Failed to refresh DNS local resolver error="lookup region1.v2.argotunnel.com: i/o timeout"
2026-08-31T13:57:40Z ERR Failed to refresh DNS local resolver error="lookup region1.v2.argotunnel.com: i/o timeout"
2026-08-31T14:02:45Z ERR Failed to refresh DNS local resolver error="lookup region1.v2.argotunnel.com: i/o timeout"
2026-08-31T14:07:50Z ERR Failed to refresh DNS local resolver error="lookup region1.v2.argotunnel.com: i/o timeout"
2026-08-31T14:12:55Z ERR Failed to refresh DNS local resolver error="lookup region1.v2.argotunnel.com: i/o timeout"
